exports[`test matches snapshot 1`] = `<button />`;
