exports[`Input Field tests matches snapshot 1`] = `
<input
  checked={undefined}
  name={undefined}
  onClick={undefined}
  type="checkbox"
  value={undefined} />
`;
